<?xml version="1.0" encoding="UTF-8"?>
<testsuites name="jest tests" tests="2" failures="0" errors="0" time="1.28">
  <testsuite name="WarrantyService" errors="0" failures="0" skipped="0" timestamp="2026-01-20T21:35:16" time="1.116" tests="2">
    <testcase classname="WarrantyService should process warranty claim successfully" name="WarrantyService should process warranty claim successfully" time="0.003">
    </testcase>
    <testcase classname="WarrantyService should handle errors and log to storage queue" name="WarrantyService should handle errors and log to storage queue" time="0.014">
    </testcase>
  </testsuite>
</testsuites>